samantha: 3 enrollment, 24 test files
karen: 3 enrollment, 24 test files
moira: 3 enrollment, 24 test files
tessa: 3 enrollment, 24 test files
daniel: 3 enrollment, 24 test files
aman: 3 enrollment, 24 test files
rishi: 3 enrollment, 24 test files
eddy_uk: 3 enrollment, 24 test files
eddy_us: 3 enrollment, 24 test files
flo_uk: 3 enrollment, 24 test files
flo_us: 3 enrollment, 24 test files
tara: 3 enrollment, 24 test files
kathy: 3 enrollment, 24 test files
ralph: 3 enrollment, 24 test files
albert: 3 enrollment, 24 test files
grandma_uk: 3 enrollment, 24 test files
grandma_us: 3 enrollment, 24 test files
grandpa_uk: 3 enrollment, 24 test files
grandpa_us: 3 enrollment, 24 test files
reed_uk: 3 enrollment, 24 test files
reed_us: 3 enrollment, 24 test files
rocko_uk: 3 enrollment, 24 test files
rocko_us: 3 enrollment, 24 test files
sandy_uk: 3 enrollment, 24 test files
sandy_us: 3 enrollment, 24 test files
shelley_uk: 3 enrollment, 24 test files
shelley_us: 3 enrollment, 24 test files
